// Jest Snapshot v1, https://goo.gl/fbAQLP

exports[`<App/> should app render without crashing 1`] = `
<body>
  <div>
    Events
  </div>
</body>
`;
